// Jest Snapshot v1, https://goo.gl/fbAQLP

exports[`TaskItem component TaskItem matches snapshot 1`] = `
<DocumentFragment>
  <div
    class="task"
  >
    <span />
    <button
      class="button-container"
      style="background: red;"
    >
      x
    </button>
    <button
      class="checkbox-button-pending"
      data-testid="complete-btn"
    />
  </div>
</DocumentFragment>
`;
